{
    "login": "dhh",
    "name": "David Heinemeier Hansson",
    "nodes": [
        {"name": "conductor", "stars": 65},
        {"name": "tolk", "stars": 535},
        {"name": "asset-hosting-with-minimum-ssl", "stars": 80},
        {"name": "delayed_job", "stars":36 },
        {"name": "remotelogger-server", "stars": 6},
        {"name": "rails_xss", "stars": 2},
        {"name": "will_paginate", "stars": 23},
        {"name": "thinking-sphinx", "stars": 17},
        {"name": "pasta", "stars": 8},
        {"name": "credibles", "stars": 4},
        {"name": "rubygems", "stars": 14},
        {"name": "country_and_region_select", "stars": 23},
        {"name": "turn", "stars": 4},
        {"name": "bundler", "stars": 10},
        {"name": "rack", "stars": 13},
        {"name": "gemoji", "stars": 3727},
        {"name": "rails_autolink", "stars": 14},
        {"name": "motion-settings-bundle", "stars": 113},
        {"name": "tempusfugit", "stars": 0},
        {"name": "ample-search", "stars": 0},
        {"name": "custom_configuration", "stars": 207},
        {"name": "code_metrics", "stars": 19},
        {"name": "actionmailer-deliver_later", "stars": 6},
        {"name": "activejob-stats", "stars": 54},
        {"name": "cramp", "stars": 8},
        {"name": "actioncable", "stars": 6},
        {"name": "rails", "stars": 15},
        {"name": "sucker_punch", "stars": 3},
        {"name": "turbolinks", "stars": 4},
        {"name": "stimulus", "stars": 10097},
        {"name": "roadie-rails", "stars": 1},
        {"name": "rails_panel", "stars": 16},
        {"name": "textmate-rails-bundle", "stars": 21},
        {"name": "rack-ratelimit", "stars": 15},
        {"name": "mailcheck", "stars": 4},
        {"name": "docker-sync-boilerplate", "stars": 1},
        {"name": "css-in-readme-like-wat", "stars": 1},
        {"name": "tailwindcss-rails", "stars": 537}
    ]
}
