{
    "login": "owner_has_no_nodes",
    "name": "Empty Owner",
    "nodes": []
}
